******************************************************************************
                  TI ARM Linker PC v20.2.7                     
******************************************************************************
>> Linked Mon Sep 25 23:32:21 2023

OUTPUT FILE NAME:   <CAN.out>
ENTRY POINT SYMBOL: "_c_int00_noargs"  address: 00003d59


MEMORY CONFIGURATION

         name            origin    length      used     unused   attr    fill
----------------------  --------  ---------  --------  --------  ----  --------
  FLASH                 00000000   00040000  00003f04  0003c0fc  R  X
  SRAM                  20000000   00008000  0000047c  00007b84  RW X


SEGMENT ALLOCATION MAP

run origin  load origin   length   init length attrs members
----------  ----------- ---------- ----------- ----- -------
00000000    00000000    00003f08   00003f08    r-x
  00000000    00000000    0000026c   0000026c    r-- .intvecs
  0000026c    0000026c    00003020   00003020    r-- .const
  0000328c    0000328c    00000c40   00000c40    r-x .text
  00003ed0    00003ed0    00000038   00000038    r-- .cinit
20000000    20000000    00000480   00000000    rw-
  20000000    20000000    0000026c   00000000    rw- .vtable
  20000270    20000270    00000200   00000000    rw- .stack
  20000470    20000470    00000010   00000000    rw- .data


SECTION ALLOCATION MAP

 output                                  attributes/
section   page    origin      length       input sections
--------  ----  ----------  ----------   ----------------
.intvecs   0    00000000    0000026c     
                  00000000    0000026c     tm4c123gh6pm_startup_ccs.obj (.intvecs)

.const     0    0000026c    00003020     
                  0000026c    00002ef0     TX.obj (.const:CANProjectToFlash1_image_0)
                  0000315c    00000090     driverlib.lib : gpio.obj (.const:g_pui32GPIOBaseAddrs)
                  000031ec    0000006c                   : sysctl.obj (.const:g_pui32Xtals)
                  00003258    00000020                   : can.obj (.const:g_ui16CANBitValues)
                  00003278    00000014                   : interrupt.obj (.const:g_pui32EnRegs)

.text      0    0000328c    00000c40     
                  0000328c    0000027c     TX.obj (.text)
                  00003508    0000016c     driverlib.lib : gpio.obj (.text:GPIOPadConfigSet)
                  00003674    00000130                   : can.obj (.text:CANMessageSet)
                  000037a4    00000118                   : sysctl.obj (.text:SysCtlClockGet)
                  000038bc    000000f4                   : sysctl.obj (.text:SysCtlClockSet)
                  000039b0    0000009c     rtsv7M4_T_le_v4SPD16_eabi.lib : memcpy_t2.asm.obj (.text)
                  00003a4c    0000006c     driverlib.lib : can.obj (.text:CANBitRateSet)
                  00003ab8    00000068                   : interrupt.obj (.text:IntEnable)
                  00003b20    00000068     rtsv7M4_T_le_v4SPD16_eabi.lib : copy_decompress_lzss.c.obj (.text:decompress:lzss:__TI_decompress_lzss)
                  00003b88    0000005c     driverlib.lib : can.obj (.text:_CANIntNumberGet)
                  00003be4    0000004c                   : gpio.obj (.text:GPIOPinConfigure)
                  00003c30    00000044     rtsv7M4_T_le_v4SPD16_eabi.lib : autoinit.c.obj (.text:__TI_auto_init_nobinit_nopinit:__TI_auto_init_nobinit_nopinit)
                  00003c74    00000040     driverlib.lib : can.obj (.text:CANStatusGet)
                  00003cb4    0000003a                   : can.obj (.text:CANInit)
                  00003cee    00000002     --HOLE-- [fill = 0]
                  00003cf0    00000034                   : interrupt.obj (.text:IntRegister)
                  00003d24    00000034                   : sysctl.obj (.text:SysCtlPeripheralEnable)
                  00003d58    00000034     rtsv7M4_T_le_v4SPD16_eabi.lib : boot_cortex_m.c.obj (.text:_c_int00_noargs:_c_int00_noargs)
                  00003d8c    0000002c     driverlib.lib : gpio.obj (.text:GPIODirModeSet)
                  00003db8    00000024                   : can.obj (.text:_CANDataRegWrite)
                  00003ddc    00000022                   : can.obj (.text:CANIntClear)
                  00003dfe    00000020                   : can.obj (.text:CANIntStatus)
                  00003e1e    0000001c     rtsv7M4_T_le_v4SPD16_eabi.lib : copy_zero_init.c.obj (.text:decompress:ZI:__TI_zero_init_nomemset:__TI_zero_init_nomemset)
                  00003e3a    0000001a     driverlib.lib : gpio.obj (.text:GPIOPinTypeGPIOOutput)
                  00003e54    00000018                   : can.obj (.text:CANIntRegister)
                  00003e6c    00000016                   : gpio.obj (.text:GPIOPinTypeCAN)
                  00003e82    0000000e     rtsv7M4_T_le_v4SPD16_eabi.lib : copy_decompress_none.c.obj (.text:decompress:none:__TI_decompress_none)
                  00003e90    0000000c     tm4c123gh6pm_startup_ccs.obj (.text)
                  00003e9c    0000000a     driverlib.lib : can.obj (.text:CANEnable)
                  00003ea6    0000000a     main.obj (.text)
                  00003eb0    00000008     driverlib.lib : can.obj (.text:CANIntEnable)
                  00003eb8    00000006                   : gpio.obj (.text:GPIOPinWrite)
                  00003ebe    00000006                   : sysctl.obj (.text:SysCtlDelay)
                  00003ec4    00000004     rtsv7M4_T_le_v4SPD16_eabi.lib : pre_init.c.obj (.text:_system_pre_init)
                  00003ec8    00000004                                   : exit.c.obj (.text:abort:abort)

.cinit     0    00003ed0    00000038     
                  00003ed0    0000000e     (.cinit..data.load) [load image, compression = lzss]
                  00003ede    00000002     --HOLE-- [fill = 0]
                  00003ee0    0000000c     (__TI_handler_table)
                  00003eec    00000004     --HOLE-- [fill = 0]
                  00003ef0    00000008     (.cinit..vtable.load) [load image, compression = zero_init]
                  00003ef8    00000010     (__TI_cinit_table)

.init_array 
*          0    00000000    00000000     UNINITIALIZED

.vtable    0    20000000    0000026c     UNINITIALIZED
                  20000000    0000026c     driverlib.lib : interrupt.obj (.vtable)

.data      0    20000470    00000010     UNINITIALIZED
                  20000470    00000010     TX.obj (.data)

.stack     0    20000270    00000200     UNINITIALIZED
                  20000270    00000004     rtsv7M4_T_le_v4SPD16_eabi.lib : boot_cortex_m.c.obj (.stack)
                  20000274    000001fc     --HOLE--

__llvm_prf_cnts 
*          0    20000000    00000000     UNINITIALIZED

MODULE SUMMARY

       Module                         code   ro data   rw data
       ------                         ----   -------   -------
    .\
       tm4c123gh6pm_startup_ccs.obj   12     620       0      
       main.obj                       10     0         0      
    +--+------------------------------+------+---------+---------+
       Total:                         22     620       0      
                                                              
    .\TX\
       TX.obj                         636    12016     16     
    +--+------------------------------+------+---------+---------+
       Total:                         636    12016     16     
                                                              
    C:/ti/TivaWare_C_Series-2.2.0.295/driverlib/ccs/Debug/driverlib.lib
       can.obj                        770    32        0      
       interrupt.obj                  156    20        620    
       sysctl.obj                     582    108       0      
       gpio.obj                       538    144       0      
    +--+------------------------------+------+---------+---------+
       Total:                         2046   304       620    
                                                              
    C:\ti\ccs1230\ccs\tools\compiler\ti-cgt-arm_20.2.7.LTS\lib\rtsv7M4_T_le_v4SPD16_eabi.lib
       memcpy_t2.asm.obj              156    0         0      
       copy_decompress_lzss.c.obj     104    0         0      
       autoinit.c.obj                 68     0         0      
       boot_cortex_m.c.obj            52     0         0      
       copy_zero_init.c.obj           28     0         0      
       copy_decompress_none.c.obj     14     0         0      
       exit.c.obj                     4      0         0      
       pre_init.c.obj                 4      0         0      
    +--+------------------------------+------+---------+---------+
       Total:                         430    0         0      
                                                              
       Stack:                         0      0         512    
       Linker Generated:              0      50        0      
    +--+------------------------------+------+---------+---------+
       Grand Total:                   3134   12990     1148   


LINKER GENERATED COPY TABLES

__TI_cinit_table @ 00003ef8 records: 2, size/record: 8, table size: 16
	.data: load addr=00003ed0, load size=0000000e bytes, run addr=20000470, run size=00000010 bytes, compression=lzss
	.vtable: load addr=00003ef0, load size=00000008 bytes, run addr=20000000, run size=0000026c bytes, compression=zero_init


LINKER GENERATED HANDLER TABLE

__TI_handler_table @ 00003ee0 records: 3, size/record: 4, table size: 12
	index: 0, handler: __TI_zero_init
	index: 1, handler: __TI_decompress_lzss
	index: 2, handler: __TI_decompress_none


GLOBAL SYMBOLS: SORTED ALPHABETICALLY BY Name 

address   name                          
-------   ----                          
00003ec9  C$$EXIT                       
00003a4d  CANBitRateSet                 
00003e9d  CANEnable                     
00003cb5  CANInit                       
00003ddd  CANIntClear                   
00003eb1  CANIntEnable                  
00003299  CANIntHandler                 
00003e55  CANIntRegister                
00003dff  CANIntStatus                  
00003675  CANMessageSet                 
0000026c  CANProjectToFlash1_image_0    
00003c75  CANStatusGet                  
00003d8d  GPIODirModeSet                
00003509  GPIOPadConfigSet              
00003be5  GPIOPinConfigure              
00003e6d  GPIOPinTypeCAN                
00003e3b  GPIOPinTypeGPIOOutput         
00003eb9  GPIOPinWrite                  
00003ab9  IntEnable                     
00003cf1  IntRegister                   
00003e91  ResetISR                      
0000328d  SimpleDelay                   
000037a5  SysCtlClockGet                
000038bd  SysCtlClockSet                
00003ebf  SysCtlDelay                   
00003d25  SysCtlPeripheralEnable        
0000333d  TX                            
20000470  __STACK_END                   
00000200  __STACK_SIZE                  
20000470  __STACK_TOP                   
00003ef8  __TI_CINIT_Base               
00003f08  __TI_CINIT_Limit              
00003ee0  __TI_Handler_Table_Base       
00003eec  __TI_Handler_Table_Limit      
00003c31  __TI_auto_init_nobinit_nopinit
00003b21  __TI_decompress_lzss          
00003e83  __TI_decompress_none          
ffffffff  __TI_pprof_out_hndl           
ffffffff  __TI_prof_data_size           
ffffffff  __TI_prof_data_start          
00000000  __TI_static_base__            
00003e1f  __TI_zero_init_nomemset       
000039b1  __aeabi_memcpy                
000039b1  __aeabi_memcpy4               
000039b1  __aeabi_memcpy8               
ffffffff  __binit__                     
ffffffff  __c_args__                    
UNDEFED   __mpu_init                    
20000270  __stack                       
20000000  __start___llvm_prf_cnts       
20000000  __stop___llvm_prf_cnts        
00003d59  _c_int00_noargs               
UNDEFED   _system_post_cinit            
00003ec5  _system_pre_init              
00003ec9  abort                         
ffffffff  binit                         
2000047e  end                           
2000047c  g_bErrFlagTX                  
20000000  g_pfnRAMVectors               
00000000  g_pfnVectors                  
20000478  g_ui32MsgCountTX              
00003ea7  main                          
000039b1  memcpy                        
2000047f  reset                         
20000470  size_app_1                    
20000474  size_app_2                    
2000047d  start                         


GLOBAL SYMBOLS: SORTED BY Symbol Address 

address   name                          
-------   ----                          
00000000  __TI_static_base__            
00000000  g_pfnVectors                  
00000200  __STACK_SIZE                  
0000026c  CANProjectToFlash1_image_0    
0000328d  SimpleDelay                   
00003299  CANIntHandler                 
0000333d  TX                            
00003509  GPIOPadConfigSet              
00003675  CANMessageSet                 
000037a5  SysCtlClockGet                
000038bd  SysCtlClockSet                
000039b1  __aeabi_memcpy                
000039b1  __aeabi_memcpy4               
000039b1  __aeabi_memcpy8               
000039b1  memcpy                        
00003a4d  CANBitRateSet                 
00003ab9  IntEnable                     
00003b21  __TI_decompress_lzss          
00003be5  GPIOPinConfigure              
00003c31  __TI_auto_init_nobinit_nopinit
00003c75  CANStatusGet                  
00003cb5  CANInit                       
00003cf1  IntRegister                   
00003d25  SysCtlPeripheralEnable        
00003d59  _c_int00_noargs               
00003d8d  GPIODirModeSet                
00003ddd  CANIntClear                   
00003dff  CANIntStatus                  
00003e1f  __TI_zero_init_nomemset       
00003e3b  GPIOPinTypeGPIOOutput         
00003e55  CANIntRegister                
00003e6d  GPIOPinTypeCAN                
00003e83  __TI_decompress_none          
00003e91  ResetISR                      
00003e9d  CANEnable                     
00003ea7  main                          
00003eb1  CANIntEnable                  
00003eb9  GPIOPinWrite                  
00003ebf  SysCtlDelay                   
00003ec5  _system_pre_init              
00003ec9  C$$EXIT                       
00003ec9  abort                         
00003ee0  __TI_Handler_Table_Base       
00003eec  __TI_Handler_Table_Limit      
00003ef8  __TI_CINIT_Base               
00003f08  __TI_CINIT_Limit              
20000000  __start___llvm_prf_cnts       
20000000  __stop___llvm_prf_cnts        
20000000  g_pfnRAMVectors               
20000270  __stack                       
20000470  __STACK_END                   
20000470  __STACK_TOP                   
20000470  size_app_1                    
20000474  size_app_2                    
20000478  g_ui32MsgCountTX              
2000047c  g_bErrFlagTX                  
2000047d  start                         
2000047e  end                           
2000047f  reset                         
ffffffff  __TI_pprof_out_hndl           
ffffffff  __TI_prof_data_size           
ffffffff  __TI_prof_data_start          
ffffffff  __binit__                     
ffffffff  __c_args__                    
ffffffff  binit                         
UNDEFED   __mpu_init                    
UNDEFED   _system_post_cinit            

[67 symbols]
