******************************************************************************
                  TI ARM Linker PC v20.2.7                     
******************************************************************************
>> Linked Tue Sep 26 12:28:21 2023

OUTPUT FILE NAME:   <CAN.out>
ENTRY POINT SYMBOL: "_c_int00_noargs"  address: 00000fc5


MEMORY CONFIGURATION

         name            origin    length      used     unused   attr    fill
----------------------  --------  ---------  --------  --------  ----  --------
  FLASH                 00000000   00040000  000012da  0003ed26  R  X
  SRAM                  20000000   00008000  0000502d  00002fd3  RW X


SEGMENT ALLOCATION MAP

run origin  load origin   length   init length attrs members
----------  ----------- ---------- ----------- ----- -------
00000000    00000000    000012e0   000012e0    r-x
  00000000    00000000    0000026c   0000026c    r-- .intvecs
  0000026c    0000026c    00000f0e   00000f0e    r-x .text
  0000117c    0000117c    00000130   00000130    r-- .const
  000012b0    000012b0    00000030   00000030    r-- .cinit
20000000    20000000    0000502d   00000000    rw-
  20000000    20000000    00004e20   00000000    rw- .bss
  20004e20    20004e20    00000200   00000000    rw- .stack
  20005020    20005020    0000000d   00000000    rw- .data


SECTION ALLOCATION MAP

 output                                  attributes/
section   page    origin      length       input sections
--------  ----  ----------  ----------   ----------------
.intvecs   0    00000000    0000026c     
                  00000000    0000026c     tm4c123gh6pm_startup_ccs.obj (.intvecs)

.text      0    0000026c    00000f0e     
                  0000026c    0000039c     RX.obj (.text)
                  00000608    0000016c     driverlib.lib : gpio.obj (.text:GPIOPadConfigSet)
                  00000774    00000130                   : can.obj (.text:CANMessageSet)
                  000008a4    00000118                   : sysctl.obj (.text:SysCtlClockGet)
                  000009bc    00000116                   : can.obj (.text:CANMessageGet)
                  00000ad2    00000002     --HOLE-- [fill = 0]
                  00000ad4    000000f4                   : sysctl.obj (.text:SysCtlClockSet)
                  00000bc8    0000009c     rtsv7M4_T_le_v4SPD16_eabi.lib : memcpy_t2.asm.obj (.text)
                  00000c64    0000007a                                   : memset_t2.asm.obj (.text)
                  00000cde    00000002     --HOLE-- [fill = 0]
                  00000ce0    0000006c     driverlib.lib : can.obj (.text:CANBitRateSet)
                  00000d4c    00000068                   : flash.obj (.text:FlashProgram)
                  00000db4    00000068                   : interrupt.obj (.text:IntEnable)
                  00000e1c    00000068     rtsv7M4_T_le_v4SPD16_eabi.lib : copy_decompress_lzss.c.obj (.text:decompress:lzss:__TI_decompress_lzss)
                  00000e84    0000004c     driverlib.lib : gpio.obj (.text:GPIOPinConfigure)
                  00000ed0    00000044     rtsv7M4_T_le_v4SPD16_eabi.lib : autoinit.c.obj (.text:__TI_auto_init_nobinit_nopinit:__TI_auto_init_nobinit_nopinit)
                  00000f14    00000040     driverlib.lib : can.obj (.text:CANStatusGet)
                  00000f54    0000003a                   : can.obj (.text:CANInit)
                  00000f8e    00000002     --HOLE-- [fill = 0]
                  00000f90    00000034                   : sysctl.obj (.text:SysCtlPeripheralEnable)
                  00000fc4    00000034     rtsv7M4_T_le_v4SPD16_eabi.lib : boot_cortex_m.c.obj (.text:_c_int00_noargs:_c_int00_noargs)
                  00000ff8    00000030     driverlib.lib : flash.obj (.text:FlashErase)
                  00001028    0000002c                   : gpio.obj (.text:GPIODirModeSet)
                  00001054    0000002a                   : can.obj (.text:_CANDataRegRead)
                  0000107e    00000024                   : can.obj (.text:_CANDataRegWrite)
                  000010a2    00000022                   : can.obj (.text:CANIntClear)
                  000010c4    00000020                   : can.obj (.text:CANIntStatus)
                  000010e4    0000001a                   : gpio.obj (.text:GPIOPinTypeGPIOOutput)
                  000010fe    00000016                   : gpio.obj (.text:GPIOPinTypeCAN)
                  00001114    00000010                   : sysctl.obj (.text:SysCtlReset)
                  00001124    0000000e     rtsv7M4_T_le_v4SPD16_eabi.lib : copy_decompress_none.c.obj (.text:decompress:none:__TI_decompress_none)
                  00001132    0000000c                                   : copy_zero_init.c.obj (.text:decompress:ZI:__TI_zero_init)
                  0000113e    0000000c     tm4c123gh6pm_startup_ccs.obj (.text)
                  0000114a    0000000a     driverlib.lib : can.obj (.text:CANEnable)
                  00001154    0000000a     main.obj (.text)
                  0000115e    00000008     driverlib.lib : can.obj (.text:CANIntEnable)
                  00001166    00000006                   : gpio.obj (.text:GPIOPinWrite)
                  0000116c    00000006                   : sysctl.obj (.text:SysCtlDelay)
                  00001172    00000004     rtsv7M4_T_le_v4SPD16_eabi.lib : pre_init.c.obj (.text:_system_pre_init)
                  00001176    00000004                                   : exit.c.obj (.text:abort:abort)

.const     0    0000117c    00000130     
                  0000117c    00000090     driverlib.lib : gpio.obj (.const:g_pui32GPIOBaseAddrs)
                  0000120c    0000006c                   : sysctl.obj (.const:g_pui32Xtals)
                  00001278    00000020                   : can.obj (.const:g_ui16CANBitValues)
                  00001298    00000014                   : interrupt.obj (.const:g_pui32EnRegs)

.cinit     0    000012b0    00000030     
                  000012b0    0000000c     (__TI_handler_table)
                  000012bc    00000004     --HOLE-- [fill = 0]
                  000012c0    00000008     (.cinit..bss.load) [load image, compression = zero_init]
                  000012c8    00000007     (.cinit..data.load) [load image, compression = lzss]
                  000012cf    00000001     --HOLE-- [fill = 0]
                  000012d0    00000010     (__TI_cinit_table)

.init_array 
*          0    00000000    00000000     UNINITIALIZED

.bss       0    20000000    00004e20     UNINITIALIZED
                  20000000    00004e20     (.common:data)

.data      0    20005020    0000000d     UNINITIALIZED
                  20005020    0000000d     RX.obj (.data)

.stack     0    20004e20    00000200     UNINITIALIZED
                  20004e20    00000004     rtsv7M4_T_le_v4SPD16_eabi.lib : boot_cortex_m.c.obj (.stack)
                  20004e24    000001fc     --HOLE--

__llvm_prf_cnts 
*          0    20000000    00000000     UNINITIALIZED

MODULE SUMMARY

       Module                         code   ro data   rw data
       ------                         ----   -------   -------
    .\
       tm4c123gh6pm_startup_ccs.obj   12     620       0      
       main.obj                       10     0         0      
    +--+------------------------------+------+---------+---------+
       Total:                         22     620       0      
                                                              
    .\RX\
       RX.obj                         924    0         20013  
    +--+------------------------------+------+---------+---------+
       Total:                         924    0         20013  
                                                              
    C:/ti/TivaWare_C_Series-2.2.0.295/driverlib/ccs/Debug/driverlib.lib
       can.obj                        974    32        0      
       sysctl.obj                     598    108       0      
       gpio.obj                       538    144       0      
       flash.obj                      152    0         0      
       interrupt.obj                  104    20        0      
    +--+------------------------------+------+---------+---------+
       Total:                         2366   304       0      
                                                              
    C:\ti\ccs1230\ccs\tools\compiler\ti-cgt-arm_20.2.7.LTS\lib\rtsv7M4_T_le_v4SPD16_eabi.lib
       memcpy_t2.asm.obj              156    0         0      
       memset_t2.asm.obj              122    0         0      
       copy_decompress_lzss.c.obj     104    0         0      
       autoinit.c.obj                 68     0         0      
       boot_cortex_m.c.obj            52     0         0      
       copy_decompress_none.c.obj     14     0         0      
       copy_zero_init.c.obj           12     0         0      
       exit.c.obj                     4      0         0      
       pre_init.c.obj                 4      0         0      
    +--+------------------------------+------+---------+---------+
       Total:                         536    0         0      
                                                              
       Stack:                         0      0         512    
       Linker Generated:              0      43        0      
    +--+------------------------------+------+---------+---------+
       Grand Total:                   3848   967       20525  


LINKER GENERATED COPY TABLES

__TI_cinit_table @ 000012d0 records: 2, size/record: 8, table size: 16
	.bss: load addr=000012c0, load size=00000008 bytes, run addr=20000000, run size=00004e20 bytes, compression=zero_init
	.data: load addr=000012c8, load size=00000007 bytes, run addr=20005020, run size=0000000d bytes, compression=lzss


LINKER GENERATED HANDLER TABLE

__TI_handler_table @ 000012b0 records: 3, size/record: 4, table size: 12
	index: 0, handler: __TI_decompress_lzss
	index: 1, handler: __TI_decompress_none
	index: 2, handler: __TI_zero_init


GLOBAL SYMBOLS: SORTED ALPHABETICALLY BY Name 

address   name                          
-------   ----                          
00001177  C$$EXIT                       
00000ce1  CANBitRateSet                 
0000114b  CANEnable                     
00000f55  CANInit                       
000010a3  CANIntClear                   
0000115f  CANIntEnable                  
0000026d  CANIntHandler                 
000010c5  CANIntStatus                  
000009bd  CANMessageGet                 
00000775  CANMessageSet                 
00000f15  CANStatusGet                  
00000ff9  FlashErase                    
00000d4d  FlashProgram                  
00001029  GPIODirModeSet                
00000609  GPIOPadConfigSet              
00000e85  GPIOPinConfigure              
000010ff  GPIOPinTypeCAN                
000010e5  GPIOPinTypeGPIOOutput         
00001167  GPIOPinWrite                  
00000db5  IntEnable                     
00000365  RX                            
0000113f  ResetISR                      
000008a5  SysCtlClockGet                
00000ad5  SysCtlClockSet                
0000116d  SysCtlDelay                   
00000f91  SysCtlPeripheralEnable        
00001115  SysCtlReset                   
20005020  __STACK_END                   
00000200  __STACK_SIZE                  
20005020  __STACK_TOP                   
000012d0  __TI_CINIT_Base               
000012e0  __TI_CINIT_Limit              
000012b0  __TI_Handler_Table_Base       
000012bc  __TI_Handler_Table_Limit      
00000ed1  __TI_auto_init_nobinit_nopinit
00000e1d  __TI_decompress_lzss          
00001125  __TI_decompress_none          
ffffffff  __TI_pprof_out_hndl           
ffffffff  __TI_prof_data_size           
ffffffff  __TI_prof_data_start          
00000000  __TI_static_base__            
00001133  __TI_zero_init                
00000c65  __aeabi_memclr                
00000c65  __aeabi_memclr4               
00000c65  __aeabi_memclr8               
00000bc9  __aeabi_memcpy                
00000bc9  __aeabi_memcpy4               
00000bc9  __aeabi_memcpy8               
00000c67  __aeabi_memset                
00000c67  __aeabi_memset4               
00000c67  __aeabi_memset8               
ffffffff  __binit__                     
ffffffff  __c_args__                    
UNDEFED   __mpu_init                    
20004e20  __stack                       
20000000  __start___llvm_prf_cnts       
20000000  __stop___llvm_prf_cnts        
00000fc5  _c_int00_noargs               
UNDEFED   _system_post_cinit            
00001173  _system_pre_init              
00001177  abort                         
ffffffff  binit                         
2000502b  canErrorFlag                  
20000000  data                          
20005029  dataEnd                       
20005028  dataFrameReceived             
20005024  dataReceivedLength            
2000502a  dataStart                     
20005020  flashToBank                   
00000000  g_pfnVectors                  
00001155  main                          
00000bc9  memcpy                        
00000c6d  memset                        
0000031b  moveApptoRun                  
2000502c  resetFrame                    


GLOBAL SYMBOLS: SORTED BY Symbol Address 

address   name                          
-------   ----                          
00000000  __TI_static_base__            
00000000  g_pfnVectors                  
00000200  __STACK_SIZE                  
0000026d  CANIntHandler                 
0000031b  moveApptoRun                  
00000365  RX                            
00000609  GPIOPadConfigSet              
00000775  CANMessageSet                 
000008a5  SysCtlClockGet                
000009bd  CANMessageGet                 
00000ad5  SysCtlClockSet                
00000bc9  __aeabi_memcpy                
00000bc9  __aeabi_memcpy4               
00000bc9  __aeabi_memcpy8               
00000bc9  memcpy                        
00000c65  __aeabi_memclr                
00000c65  __aeabi_memclr4               
00000c65  __aeabi_memclr8               
00000c67  __aeabi_memset                
00000c67  __aeabi_memset4               
00000c67  __aeabi_memset8               
00000c6d  memset                        
00000ce1  CANBitRateSet                 
00000d4d  FlashProgram                  
00000db5  IntEnable                     
00000e1d  __TI_decompress_lzss          
00000e85  GPIOPinConfigure              
00000ed1  __TI_auto_init_nobinit_nopinit
00000f15  CANStatusGet                  
00000f55  CANInit                       
00000f91  SysCtlPeripheralEnable        
00000fc5  _c_int00_noargs               
00000ff9  FlashErase                    
00001029  GPIODirModeSet                
000010a3  CANIntClear                   
000010c5  CANIntStatus                  
000010e5  GPIOPinTypeGPIOOutput         
000010ff  GPIOPinTypeCAN                
00001115  SysCtlReset                   
00001125  __TI_decompress_none          
00001133  __TI_zero_init                
0000113f  ResetISR                      
0000114b  CANEnable                     
00001155  main                          
0000115f  CANIntEnable                  
00001167  GPIOPinWrite                  
0000116d  SysCtlDelay                   
00001173  _system_pre_init              
00001177  C$$EXIT                       
00001177  abort                         
000012b0  __TI_Handler_Table_Base       
000012bc  __TI_Handler_Table_Limit      
000012d0  __TI_CINIT_Base               
000012e0  __TI_CINIT_Limit              
20000000  __start___llvm_prf_cnts       
20000000  __stop___llvm_prf_cnts        
20000000  data                          
20004e20  __stack                       
20005020  __STACK_END                   
20005020  __STACK_TOP                   
20005020  flashToBank                   
20005024  dataReceivedLength            
20005028  dataFrameReceived             
20005029  dataEnd                       
2000502a  dataStart                     
2000502b  canErrorFlag                  
2000502c  resetFrame                    
ffffffff  __TI_pprof_out_hndl           
ffffffff  __TI_prof_data_size           
ffffffff  __TI_prof_data_start          
ffffffff  __binit__                     
ffffffff  __c_args__                    
ffffffff  binit                         
UNDEFED   __mpu_init                    
UNDEFED   _system_post_cinit            

[75 symbols]
